// Vitest Snapshot v1, https://vitest.dev/guide/snapshot.html

exports[`rollup > basic.ts 1`] = `
"// basic.js
function calculateUserScore(e){"use minify";const t=2;const n=50;console.log(\`Calculating user score...\`);const r=e*t;const i=r+n;return i}
const processUserData = e=>{"use minify";const t=e.firstName;const n=e.lastName;const r=e.age;const i=t+\` \`+n;if(r>=18){console.log(\`Adult user:\`,i);return {fullName:i,isAdult:true}}else {console.log(\`Minor user:\`,i);return {fullName:i,isAdult:false}}};;
const formatMessage = (e,t)=>{"use minify";const n=\`[Message]\`;const r=\` - \`;const i=Date.now();const a=n+r+e+r+t;console.log(\`Timestamp:\`,i);console.log(\`Formatted:\`,a);return {message:a,timestamp:i,type:e}};;
// Unminified function for control comparison
function normalFunction() {
    const someVariable = "this will not be minified";
    const anotherVariable = "neither will this";
    console.log(someVariable);
    console.log(anotherVariable);
    return someVariable + " " + anotherVariable;
}
// Async function declaration with "use minify"
async function fetchUserData(e){"use minify";const t=\`https://api.example.com/users/\`;const n=t+e;console.log(\`Fetching user data from:\`,n);const r=await fetch(n);const i=await r.json();return i}
// Async arrow function with "use minify"
const processAsyncData = async e=>{"use minify";const t=\`processed-\`;const n=[];console.log(\`Processing data...\`);for(const r of e){const e=t+r;n.push(e);await new Promise(e=>setTimeout(e,10));}console.log(\`Processing complete\`);return n};;
// Nested function with "use minify" on inner function
function outerFunction(e){"use minify";const t=100;const n=e*t;console.log(\`Outer function processing\`);function r(e){"use minify";const t=10;const n=e+t;console.log(\`Inner function processing\`);return n}const i=r(n);return i}
// Arrow function with implicit return (no BlockStatement)
// This should NOT be minified as it lacks BlockStatement
const implicitReturnArrow = (x) => x * 2;
// Function expression with "use minify"
// Note: Currently not handled by Visitor (only FunctionDeclaration and ArrowFunctionExpression)
// This should NOT be minified unless Visitor is updated
const functionExpression = function(e){"use minify";const t=5;const n=20;console.log(\`Function expression processing\`);const r=e*t+n;return r};

export { calculateUserScore, fetchUserData, formatMessage, functionExpression, implicitReturnArrow, normalFunction, outerFunction, processAsyncData, processUserData };
"
`;
